Monday, April 02, 12:37:31, 2007

                    Sunplus u'nSP Linker version 1.14.3 (enc)
                    -------------------------------------------

Global Symbol Name                             Global Value     Global Filename
***********************************************************************************************************************************************************************************************************************************************************************************************************
_RESET                                             803C         "D:\study\Sunplus\unSP IDE 2.0.0\startupD.obj"
__sn_loop                                          8058         "D:\study\Sunplus\unSP IDE 2.0.0\startupD.obj"
__sn_loop2                                         8057         "D:\study\Sunplus\unSP IDE 2.0.0\startupD.obj"
__sn_init_table                                    8000         "Linker internal symbol"
__sn_sp_val                                        7FF          "Linker internal symbol"
_RES_Table                                         8028         "D:\study\Sunplus\MMS\mms\Debug\Resource.obj"
_RES_SUCCEED_72K_SA                                8028         "D:\study\Sunplus\MMS\mms\Debug\Resource.obj"
_RES_SUCCEED_72K_EA                                802A         "D:\study\Sunplus\MMS\mms\Debug\Resource.obj"
_RES_ACCEPT_72K_SA                                 802C         "D:\study\Sunplus\MMS\mms\Debug\Resource.obj"
_RES_ACCEPT_72K_EA                                 802E         "D:\study\Sunplus\MMS\mms\Debug\Resource.obj"
_RES_FAIL_72K_SA                                   8030         "D:\study\Sunplus\MMS\mms\Debug\Resource.obj"
_RES_FAIL_72K_EA                                   8032         "D:\study\Sunplus\MMS\mms\Debug\Resource.obj"
_RES_REC_72K_SA                                    8034         "D:\study\Sunplus\MMS\mms\Debug\Resource.obj"
_RES_REC_72K_EA                                    8036         "D:\study\Sunplus\MMS\mms\Debug\Resource.obj"
T_SACM_S480_SpeechTable                            8038         "D:\study\Sunplus\MMS\mms\Debug\Resource.obj"
HighAddr                                           60F          "D:\study\Sunplus\MMS\mms\Debug\sram.obj"
_SP_InitWriteSRAM                                  ABBB         "D:\study\Sunplus\MMS\mms\Debug\sram.obj"
F_SP_InitWriteSRAM                                 ABBB         "D:\study\Sunplus\MMS\mms\Debug\sram.obj"
F_SP_InitReadSRAM                                  ABBE         "D:\study\Sunplus\MMS\mms\Debug\sram.obj"
_SP_InitReadSRAM                                   ABBE         "D:\study\Sunplus\MMS\mms\Debug\sram.obj"
_SP_ReadSRAM                                       ABC1         "D:\study\Sunplus\MMS\mms\Debug\sram.obj"
F_SP_ReadSRAM                                      ABC4         "D:\study\Sunplus\MMS\mms\Debug\sram.obj"
_SP_WriteSRAM                                      ABC7         "D:\study\Sunplus\MMS\mms\Debug\sram.obj"
F_SP_WriteSRAM                                     ABCA         "D:\study\Sunplus\MMS\mms\Debug\sram.obj"
F_Flash_Erase                                      AB92         "D:\study\Sunplus\MMS\mms\Debug\Flash.obj"
_Flash_Erase                                       AB8A         "D:\study\Sunplus\MMS\mms\Debug\Flash.obj"
F_Flash_WriteWord                                  AB61         "D:\study\Sunplus\MMS\mms\Debug\Flash.obj"
_Flash_WriteWord                                   AB56         "D:\study\Sunplus\MMS\mms\Debug\Flash.obj"
F_Flash_Write                                      AB7B         "D:\study\Sunplus\MMS\mms\Debug\Flash.obj"
_Flash_Write                                       AB6D         "D:\study\Sunplus\MMS\mms\Debug\Flash.obj"
F_Flash_ReadWord                                   ABA4         "D:\study\Sunplus\MMS\mms\Debug\Flash.obj"
_Flash_ReadWord                                    AB9E         "D:\study\Sunplus\MMS\mms\Debug\Flash.obj"
F_Flash_Read                                       ABB4         "D:\study\Sunplus\MMS\mms\Debug\Flash.obj"
_Flash_Read                                        ABA6         "D:\study\Sunplus\MMS\mms\Debug\Flash.obj"
F_SP_RampUpDAC1                                    AA9E         "D:\study\Sunplus\MMS\mms\Debug\hardware.obj"
F_SP_RampDnDAC1                                    AAC2         "D:\study\Sunplus\MMS\mms\Debug\hardware.obj"
F_SP_RampUpDAC2                                    AAD4         "D:\study\Sunplus\MMS\mms\Debug\hardware.obj"
F_SP_RampDnDAC2                                    AAF8         "D:\study\Sunplus\MMS\mms\Debug\hardware.obj"
_SP_RampUpDAC1                                     AA9E         "D:\study\Sunplus\MMS\mms\Debug\hardware.obj"
_SP_RampDnDAC1                                     AAC2         "D:\study\Sunplus\MMS\mms\Debug\hardware.obj"
_SP_RampUpDAC2                                     AAD4         "D:\study\Sunplus\MMS\mms\Debug\hardware.obj"
_SP_RampDnDAC2                                     AAF8         "D:\study\Sunplus\MMS\mms\Debug\hardware.obj"
_SP_InitQueue                                      A979         "D:\study\Sunplus\MMS\mms\Debug\hardware.obj"
_SP_InitQueue_A2000                                A979         "D:\study\Sunplus\MMS\mms\Debug\hardware.obj"
_SP_InitQueue_S480                                 A979         "D:\study\Sunplus\MMS\mms\Debug\hardware.obj"
_SP_InitQueue_S240                                 A979         "D:\study\Sunplus\MMS\mms\Debug\hardware.obj"
_SP_InitQueue_MS01                                 A979         "D:\study\Sunplus\MMS\mms\Debug\hardware.obj"
_SP_InitQueue_DVR                                  A979         "D:\study\Sunplus\MMS\mms\Debug\hardware.obj"
F_SP_InitQueue                                     A979         "D:\study\Sunplus\MMS\mms\Debug\hardware.obj"
F_SP_InitQueue_A2000                               A979         "D:\study\Sunplus\MMS\mms\Debug\hardware.obj"
F_SP_InitQueue_S480                                A979         "D:\study\Sunplus\MMS\mms\Debug\hardware.obj"
F_SP_InitQueue_S240                                A979         "D:\study\Sunplus\MMS\mms\Debug\hardware.obj"
F_SP_InitQueue_MS01                                A979         "D:\study\Sunplus\MMS\mms\Debug\hardware.obj"
F_SP_InitQueue_DVR                                 A979         "D:\study\Sunplus\MMS\mms\Debug\hardware.obj"
F_SP_ReadQueue                                     A986         "D:\study\Sunplus\MMS\mms\Debug\hardware.obj"
F_SP_ReadQueue_A2000                               A986         "D:\study\Sunplus\MMS\mms\Debug\hardware.obj"
F_SP_ReadQueue_S480                                A986         "D:\study\Sunplus\MMS\mms\Debug\hardware.obj"
F_SP_ReadQueue_S240                                A986         "D:\study\Sunplus\MMS\mms\Debug\hardware.obj"
F_SP_ReadQueue_MS01                                A986         "D:\study\Sunplus\MMS\mms\Debug\hardware.obj"
F_SP_ReadQueue_DVR                                 A986         "D:\study\Sunplus\MMS\mms\Debug\hardware.obj"
F_SP_ReadQueue_NIC                                 A999         "D:\study\Sunplus\MMS\mms\Debug\hardware.obj"
F_SP_ReadQueue_NIC_A2000                           A999         "D:\study\Sunplus\MMS\mms\Debug\hardware.obj"
F_SP_ReadQueue_NIC_S480                            A999         "D:\study\Sunplus\MMS\mms\Debug\hardware.obj"
F_SP_ReadQueue_NIC_S240                            A999         "D:\study\Sunplus\MMS\mms\Debug\hardware.obj"
F_SP_ReadQueue_NIC_MS01                            A999         "D:\study\Sunplus\MMS\mms\Debug\hardware.obj"
F_SP_ReadQueue_NIC_DVR                             A999         "D:\study\Sunplus\MMS\mms\Debug\hardware.obj"
F_SP_WriteQueue                                    A9A2         "D:\study\Sunplus\MMS\mms\Debug\hardware.obj"
F_SP_WriteQueue_A2000                              A9A2         "D:\study\Sunplus\MMS\mms\Debug\hardware.obj"
F_SP_WriteQueue_S480                               A9A2         "D:\study\Sunplus\MMS\mms\Debug\hardware.obj"
F_SP_WriteQueue_S240                               A9A2         "D:\study\Sunplus\MMS\mms\Debug\hardware.obj"
F_SP_WriteQueue_MS01                               A9A2         "D:\study\Sunplus\MMS\mms\Debug\hardware.obj"
F_SP_WriteQueue_DVR                                A9A2         "D:\study\Sunplus\MMS\mms\Debug\hardware.obj"
F_SP_TestQueue                                     A9B1         "D:\study\Sunplus\MMS\mms\Debug\hardware.obj"
F_SP_TestQueue_A2000                               A9B1         "D:\study\Sunplus\MMS\mms\Debug\hardware.obj"
F_SP_TestQueue_S480                                A9B1         "D:\study\Sunplus\MMS\mms\Debug\hardware.obj"
F_SP_TestQueue_S240                                A9B1         "D:\study\Sunplus\MMS\mms\Debug\hardware.obj"
F_SP_TestQueue_MS01                                A9B1         "D:\study\Sunplus\MMS\mms\Debug\hardware.obj"
F_SP_TestQueue_DVR                                 A9B1         "D:\study\Sunplus\MMS\mms\Debug\hardware.obj"
_SP_Export                                         AB37         "D:\study\Sunplus\MMS\mms\Debug\hardware.obj"
_SP_Import                                         AB30         "D:\study\Sunplus\MMS\mms\Debug\hardware.obj"
_SP_Init_IOB                                       AB20         "D:\study\Sunplus\MMS\mms\Debug\hardware.obj"
_SP_Init_IOA                                       AB10         "D:\study\Sunplus\MMS\mms\Debug\hardware.obj"
_SP_GetResource                                    AB40         "D:\study\Sunplus\MMS\mms\Debug\hardware.obj"
F_SP_GetResource                                   AB4E         "D:\study\Sunplus\MMS\mms\Debug\hardware.obj"
F_SP_SACM_A2000_Init_                              A9CA         "D:\study\Sunplus\MMS\mms\Debug\hardware.obj"
F_SP_SACM_S480_Init_                               A9E6         "D:\study\Sunplus\MMS\mms\Debug\hardware.obj"
F_SP_SACM_S240_Init_                               AA01         "D:\study\Sunplus\MMS\mms\Debug\hardware.obj"
F_SP_SACM_MS01_Init_                               AA1C         "D:\study\Sunplus\MMS\mms\Debug\hardware.obj"
F_SP_PlayMode0_                                    AA2E         "D:\study\Sunplus\MMS\mms\Debug\hardware.obj"
F_SP_PlayMode1_                                    AA3E         "D:\study\Sunplus\MMS\mms\Debug\hardware.obj"
F_SP_PlayMode2_                                    AA4F         "D:\study\Sunplus\MMS\mms\Debug\hardware.obj"
F_SP_PlayMode3_                                    AA60         "D:\study\Sunplus\MMS\mms\Debug\hardware.obj"
F_SP_SACM_DVR_Init_                                AA71         "D:\study\Sunplus\MMS\mms\Debug\hardware.obj"
F_SP_SACM_DVR_Rec_Init_                            AA8E         "D:\study\Sunplus\MMS\mms\Debug\hardware.obj"
F_SP_SACM_DVR_Play_Init_                           AA96         "D:\study\Sunplus\MMS\mms\Debug\hardware.obj"
R_InterruptStatus                                  610          "D:\study\Sunplus\MMS\mms\Debug\hardware.obj"
F_RampUpDAC1                                       AA9E         "D:\study\Sunplus\MMS\mms\Debug\hardware.obj"
F_RampDnDAC1                                       AAC2         "D:\study\Sunplus\MMS\mms\Debug\hardware.obj"
F_RampUpDAC2                                       AAD4         "D:\study\Sunplus\MMS\mms\Debug\hardware.obj"
F_RampDnDAC2                                       AAF8         "D:\study\Sunplus\MMS\mms\Debug\hardware.obj"
_STD_RampUpDAC1                                    AA9E         "D:\study\Sunplus\MMS\mms\Debug\hardware.obj"
_STD_RampDnDAC1                                    AAC2         "D:\study\Sunplus\MMS\mms\Debug\hardware.obj"
_STD_RampUpDAC2                                    AAD4         "D:\study\Sunplus\MMS\mms\Debug\hardware.obj"
_STD_RampDnDAC2                                    AAF8         "D:\study\Sunplus\MMS\mms\Debug\hardware.obj"
_FIQ                                               8009         "D:\study\Sunplus\MMS\mms\Debug\isr.obj"
_Delay                                             A2D2         "D:\study\Sunplus\MMS\mms\Debug\main.obj"
_PlaySnd_Auto                                      A2EE         "D:\study\Sunplus\MMS\mms\Debug\main.obj"
_PlayRecord                                        A31F         "D:\study\Sunplus\MMS\mms\Debug\main.obj"
_Record                                            A3A9         "D:\study\Sunplus\MMS\mms\Debug\main.obj"
_Ebit                                              A42A         "D:\study\Sunplus\MMS\mms\Debug\main.obj"
_Send                                              A49F         "D:\study\Sunplus\MMS\mms\Debug\main.obj"
_Accept                                            A665         "D:\study\Sunplus\MMS\mms\Debug\main.obj"
_main                                              A89D         "D:\study\Sunplus\MMS\mms\Debug\main.obj"
__RES_SUCCEED_72K_sa                               AC63         "D:\study\Sunplus\MMS\mms\Debug\succeed_72k.res"
__RES_SUCCEED_72K_ea                               AECA         "D:\study\Sunplus\MMS\mms\Debug\succeed_72k.res"
__RES_ACCEPT_72K_sa                                B1F1         "D:\study\Sunplus\MMS\mms\Debug\accept_72k.res"
__RES_ACCEPT_72K_ea                                B30B         "D:\study\Sunplus\MMS\mms\Debug\accept_72k.res"
__RES_FAIL_72K_sa                                  B074         "D:\study\Sunplus\MMS\mms\Debug\fail_72k.res"
__RES_FAIL_72K_ea                                  B1F1         "D:\study\Sunplus\MMS\mms\Debug\fail_72k.res"
__RES_REC_72K_sa                                   AECA         "D:\study\Sunplus\MMS\mms\Debug\rec_72k.res"
__RES_REC_72K_ea                                   B074         "D:\study\Sunplus\MMS\mms\Debug\rec_72k.res"
***********************************************************************************************************************************************************************************************************************************************************************************************************

***********************************************************************************************************************************************************************************************************************************************************************************************************
*                             S E C T I O N     S U M M A R Y                                                                                                                                                                                                                                             *
***********************************************************************************************************************************************************************************************************************************************************************************************************
*     Section Name                             Startting Address   Ending Address    Size                                                                                                                                                                                                                 *
***********************************************************************************************************************************************************************************************************************************************************************************************************
* "D:\study\Sunplus\unSP IDE 2.0.0\startupD.obj"                                                                                                                                                                                                                                                          *
*    DEBUG                                         ----                 ----         ----                                                                                                                                                                                                                 *
*    CODE                                          ----                 ----         ----                                                                                                                                                                                                                 *
*    DATA                                          ----                 ----         ----                                                                                                                                                                                                                 *
*    TEXT                                          ----                 ----         ----                                                                                                                                                                                                                 *
*    IRAM                                          ----                 ----         ----                                                                                                                                                                                                                 *
*    ISRAM                                         ----                 ----         ----                                                                                                                                                                                                                 *
*    RAM                                           ----                 ----         ----                                                                                                                                                                                                                 *
*    SRAM                                          ----                 ----         ----                                                                                                                                                                                                                 *
*    ORAM                                          ----                 ----         ----                                                                                                                                                                                                                 *
*    OSRAM                                         ----                 ----         ----                                                                                                                                                                                                                 *
*    NB_DATA                                       ----                 ----         ----                                                                                                                                                                                                                 *
*    CTOR                                          ----                 ----         ----                                                                                                                                                                                                                 *
*    DTOR                                          ----                 ----         ----                                                                                                                                                                                                                 *
*    IM                                            ----                 ----         ----                                                                                                                                                                                                                 *
*    LINKONCE                                      ----                 ----         ----                                                                                                                                                                                                                 *
*    VTBL                                          ----                 ----         ----                                                                                                                                                                                                                 *
*    NB_MERGE                                      ----                 ----         ----                                                                                                                                                                                                                 *
*    unSP_StartUp(TEXT)                            803C                 8058         1D                                                                                                                                                                                                                   *
* "D:\study\Sunplus\MMS\mms\Debug\Resource.obj"                                                                                                                                                                                                                                                           *
*    DEBUG                                         ----                 ----         ----                                                                                                                                                                                                                 *
*    CODE                                          ----                 ----         ----                                                                                                                                                                                                                 *
*    DATA                                          ----                 ----         ----                                                                                                                                                                                                                 *
*    TEXT                                          8028                 803B         14                                                                                                                                                                                                                   *
*    IRAM                                          ----                 ----         ----                                                                                                                                                                                                                 *
*    ISRAM                                         ----                 ----         ----                                                                                                                                                                                                                 *
*    RAM                                           ----                 ----         ----                                                                                                                                                                                                                 *
*    SRAM                                          ----                 ----         ----                                                                                                                                                                                                                 *
*    ORAM                                          ----                 ----         ----                                                                                                                                                                                                                 *
*    OSRAM                                         ----                 ----         ----                                                                                                                                                                                                                 *
*    NB_DATA                                       ----                 ----         ----                                                                                                                                                                                                                 *
*    CTOR                                          ----                 ----         ----                                                                                                                                                                                                                 *
*    DTOR                                          ----                 ----         ----                                                                                                                                                                                                                 *
*    IM                                            ----                 ----         ----                                                                                                                                                                                                                 *
*    LINKONCE                                      ----                 ----         ----                                                                                                                                                                                                                 *
*    VTBL                                          ----                 ----         ----                                                                                                                                                                                                                 *
*    NB_MERGE                                      ----                 ----         ----                                                                                                                                                                                                                 *
* "D:\study\Sunplus\MMS\mms\Debug\sram.obj"                                                                                                                                                                                                                                                               *
*    DEBUG                                         ----                 ----         ----                                                                                                                                                                                                                 *
*    CODE                                          ABBB                 ABCC         12                                                                                                                                                                                                                   *
*    DATA                                          ----                 ----         ----                                                                                                                                                                                                                 *
*    TEXT                                          ----                 ----         ----                                                                                                                                                                                                                 *
*    IRAM                                          ----                 ----         ----                                                                                                                                                                                                                 *
*    ISRAM                                         ----                 ----         ----                                                                                                                                                                                                                 *
*    RAM                                           60F                  60F          1                                                                                                                                                                                                                    *
*    SRAM                                          ----                 ----         ----                                                                                                                                                                                                                 *
*    ORAM                                          ----                 ----         ----                                                                                                                                                                                                                 *
*    OSRAM                                         ----                 ----         ----                                                                                                                                                                                                                 *
*    NB_DATA                                       ----                 ----         ----                                                                                                                                                                                                                 *
*    CTOR                                          ----                 ----         ----                                                                                                                                                                                                                 *
*    DTOR                                          ----                 ----         ----                                                                                                                                                                                                                 *
*    IM                                            ----                 ----         ----                                                                                                                                                                                                                 *
*    LINKONCE                                      ----                 ----         ----                                                                                                                                                                                                                 *
*    VTBL                                          ----                 ----         ----                                                                                                                                                                                                                 *
*    NB_MERGE                                      ----                 ----         ----                                                                                                                                                                                                                 *
* "D:\study\Sunplus\MMS\mms\Debug\Flash.obj"                                                                                                                                                                                                                                                              *
*    DEBUG                                         ----                 ----         ----                                                                                                                                                                                                                 *
*    CODE                                          AB56                 ABBA         65                                                                                                                                                                                                                   *
*    DATA                                          ----                 ----         ----                                                                                                                                                                                                                 *
*    TEXT                                          ----                 ----         ----                                                                                                                                                                                                                 *
*    IRAM                                          ----                 ----         ----                                                                                                                                                                                                                 *
*    ISRAM                                         ----                 ----         ----                                                                                                                                                                                                                 *
*    RAM                                           ----                 ----         ----                                                                                                                                                                                                                 *
*    SRAM                                          ----                 ----         ----                                                                                                                                                                                                                 *
*    ORAM                                          ----                 ----         ----                                                                                                                                                                                                                 *
*    OSRAM                                         ----                 ----         ----                                                                                                                                                                                                                 *
*    NB_DATA                                       ----                 ----         ----                                                                                                                                                                                                                 *
*    CTOR                                          ----                 ----         ----                                                                                                                                                                                                                 *
*    DTOR                                          ----                 ----         ----                                                                                                                                                                                                                 *
*    IM                                            ----                 ----         ----                                                                                                                                                                                                                 *
*    LINKONCE                                      ----                 ----         ----                                                                                                                                                                                                                 *
*    VTBL                                          ----                 ----         ----                                                                                                                                                                                                                 *
*    NB_MERGE                                      ----                 ----         ----                                                                                                                                                                                                                 *
* "D:\study\Sunplus\MMS\mms\Debug\hardware.obj"                                                                                                                                                                                                                                                           *
*    DEBUG                                         ----                 ----         ----                                                                                                                                                                                                                 *
*    CODE                                          A979                 AB55         1DD                                                                                                                                                                                                                  *
*    DATA                                          ----                 ----         ----                                                                                                                                                                                                                 *
*    TEXT                                          ----                 ----         ----                                                                                                                                                                                                                 *
*    IRAM                                          ABCD  (610)          AC5F  (6A2)  93                                                                                                                                                                                                                   *
*    ISRAM                                         ----                 ----         ----                                                                                                                                                                                                                 *
*    RAM                                           ----                 ----         ----                                                                                                                                                                                                                 *
*    SRAM                                          ----                 ----         ----                                                                                                                                                                                                                 *
*    ORAM                                          ----                 ----         ----                                                                                                                                                                                                                 *
*    OSRAM                                         ----                 ----         ----                                                                                                                                                                                                                 *
*    NB_DATA                                       ----                 ----         ----                                                                                                                                                                                                                 *
*    CTOR                                          ----                 ----         ----                                                                                                                                                                                                                 *
*    DTOR                                          ----                 ----         ----                                                                                                                                                                                                                 *
*    IM                                            ----                 ----         ----                                                                                                                                                                                                                 *
*    LINKONCE                                      ----                 ----         ----                                                                                                                                                                                                                 *
*    VTBL                                          ----                 ----         ----                                                                                                                                                                                                                 *
*    NB_MERGE                                      ----                 ----         ----                                                                                                                                                                                                                 *
* "D:\study\Sunplus\MMS\mms\Debug\isr.obj"                                                                                                                                                                                                                                                                *
*    DEBUG                                         ----                 ----         ----                                                                                                                                                                                                                 *
*    CODE                                          ----                 ----         ----                                                                                                                                                                                                                 *
*    DATA                                          ----                 ----         ----                                                                                                                                                                                                                 *
*    TEXT                                          8009                 8027         1F                                                                                                                                                                                                                   *
*    IRAM                                          ----                 ----         ----                                                                                                                                                                                                                 *
*    ISRAM                                         ----                 ----         ----                                                                                                                                                                                                                 *
*    RAM                                           ----                 ----         ----                                                                                                                                                                                                                 *
*    SRAM                                          ----                 ----         ----                                                                                                                                                                                                                 *
*    ORAM                                          ----                 ----         ----                                                                                                                                                                                                                 *
*    OSRAM                                         ----                 ----         ----                                                                                                                                                                                                                 *
*    NB_DATA                                       ----                 ----         ----                                                                                                                                                                                                                 *
*    CTOR                                          ----                 ----         ----                                                                                                                                                                                                                 *
*    DTOR                                          ----                 ----         ----                                                                                                                                                                                                                 *
*    IM                                            ----                 ----         ----                                                                                                                                                                                                                 *
*    LINKONCE                                      ----                 ----         ----                                                                                                                                                                                                                 *
*    VTBL                                          ----                 ----         ----                                                                                                                                                                                                                 *
*    NB_MERGE                                      ----                 ----         ----                                                                                                                                                                                                                 *
* "D:\study\Sunplus\MMS\mms\Debug\main.obj"                                                                                                                                                                                                                                                               *
*    DEBUG                                         ----                 ----         ----                                                                                                                                                                                                                 *
*    CODE                                          A2D2                 A978         6A7                                                                                                                                                                                                                  *
*    DATA                                          ----                 ----         ----                                                                                                                                                                                                                 *
*    TEXT                                          ----                 ----         ----                                                                                                                                                                                                                 *
*    IRAM                                          ----                 ----         ----                                                                                                                                                                                                                 *
*    ISRAM                                         ----                 ----         ----                                                                                                                                                                                                                 *
*    RAM                                           ----                 ----         ----                                                                                                                                                                                                                 *
*    SRAM                                          ----                 ----         ----                                                                                                                                                                                                                 *
*    ORAM                                          ----                 ----         ----                                                                                                                                                                                                                 *
*    OSRAM                                         ----                 ----         ----                                                                                                                                                                                                                 *
*    NB_DATA                                       ----                 ----         ----                                                                                                                                                                                                                 *
*    CTOR                                          ----                 ----         ----                                                                                                                                                                                                                 *
*    DTOR                                          ----                 ----         ----                                                                                                                                                                                                                 *
*    IM                                            ----                 ----         ----                                                                                                                                                                                                                 *
*    LINKONCE                                      ----                 ----         ----                                                                                                                                                                                                                 *
*    VTBL                                          ----                 ----         ----                                                                                                                                                                                                                 *
*    NB_MERGE                                      ----                 ----         ----                                                                                                                                                                                                                 *
* "D:\study\Sunplus\MMS\mms\Debug\succeed_72k.res"                                                                                                                                                                                                                                                        *
*    __sn_section_RES_SUCCEED_72K(DATA)            AC63                 AEC9         267                                                                                                                                                                                                                  *
* "D:\study\Sunplus\MMS\mms\Debug\accept_72k.res"                                                                                                                                                                                                                                                         *
*    __sn_section_RES_ACCEPT_72K(DATA)             B1F1                 B30A         11A                                                                                                                                                                                                                  *
* "D:\study\Sunplus\MMS\mms\Debug\fail_72k.res"                                                                                                                                                                                                                                                           *
*    __sn_section_RES_FAIL_72K(DATA)               B074                 B1F0         17D                                                                                                                                                                                                                  *
* "D:\study\Sunplus\MMS\mms\Debug\rec_72k.res"                                                                                                                                                                                                                                                            *
*    __sn_section_RES_REC_72K(DATA)                AECA                 B073         1AA                                                                                                                                                                                                                  *
* "D:\WORKING\UNSP\LIBMAK~1\RELEASE\DVR"                                                                                                                                                                                                                                                                  *
*    DEBUG                                         ----                 ----         ----                                                                                                                                                                                                                 *
*    CODE                                          8059                 98D7         187F                                                                                                                                                                                                                 *
*    DATA                                          ----                 ----         ----                                                                                                                                                                                                                 *
*    TEXT                                          ----                 ----         ----                                                                                                                                                                                                                 *
*    IRAM                                          AC62  (6A5)          AC62  (6A5)  1                                                                                                                                                                                                                    *
*    ISRAM                                         ----                 ----         ----                                                                                                                                                                                                                 *
*    RAM                                           ----                 ----         ----                                                                                                                                                                                                                 *
*    SRAM                                          ----                 ----         ----                                                                                                                                                                                                                 *
*    ORAM                                          ----                 ----         ----                                                                                                                                                                                                                 *
*    OSRAM                                         ----                 ----         ----                                                                                                                                                                                                                 *
*    NB_DATA                                       ----                 ----         ----                                                                                                                                                                                                                 *
*    OVERLAP_SRAM_BLOCK(ORAM)                      5D2                  60E          3D                                                                                                                                                                                                                   *
*    OVERLAP_RAM_BLOCK(ORAM)                       1                    5D1          5D1                                                                                                                                                                                                                  *
* "D:\WORKING\UNSP\LIBMAK~1\RELEASE\S480"                                                                                                                                                                                                                                                                 *
*    DEBUG                                         ----                 ----         ----                                                                                                                                                                                                                 *
*    CODE                                          98D8                 A2D1         9FA                                                                                                                                                                                                                  *
*    DATA                                          ----                 ----         ----                                                                                                                                                                                                                 *
*    TEXT                                          ----                 ----         ----                                                                                                                                                                                                                 *
*    IRAM                                          AC60  (6A3)          AC61  (6A4)  2                                                                                                                                                                                                                    *
*    ISRAM                                         ----                 ----         ----                                                                                                                                                                                                                 *
*    RAM                                           ----                 ----         ----                                                                                                                                                                                                                 *
*    SRAM                                          ----                 ----         ----                                                                                                                                                                                                                 *
*    ORAM                                          ----                 ----         ----                                                                                                                                                                                                                 *
*    OSRAM                                         ----                 ----         ----                                                                                                                                                                                                                 *
*    NB_DATA                                       ----                 ----         ----                                                                                                                                                                                                                 *
*    OVERLAP_RAM_BLOCK(ORAM)                       1                    1A3          1A3                                                                                                                                                                                                                  *
* "Init Table"                                     8000                 8008         9                                                                                                                                                                                                                    *
***********************************************************************************************************************************************************************************************************************************************************************************************************

***********************************************************************************************************************************************************************************************************************************************************************************************************
*                             M E M O R Y     S U M M A R Y                                                                                                                                                                                                                                               *
***********************************************************************************************************************************************************************************************************************************************************************************************************
*     Type                          Total               Using        Remain                                                                                                                                                                                                                               *
***********************************************************************************************************************************************************************************************************************************************************************************************************
* "SRam/OSRam/ISRam"                40                   0            40                                                                                                                                                                                                                                  *
* "Ram"                             800                  6A6          15A                                                                                                                                                                                                                                 *
* "First Bank Rom"                  7C00                 330B         48F5                                                                                                                                                                                                                                *
* "Other Banks Rom"                 0                    0            0                                                                                                                                                                                                                                   *
***********************************************************************************************************************************************************************************************************************************************************************************************************

Linker Output Filename : D:\study\Sunplus\MMS\mms\Debug\mms.S37
Disk  Mapping Filename : D:\study\Sunplus\MMS\mms\Debug\mms.map
Symbol  Table FileName : D:\study\Sunplus\MMS\mms\Debug\mms.sym
Format :                 Microtek

Linker Errors :          0
Output Format :          S37
